// Jest Snapshot v1, https://goo.gl/fbAQLP

exports[`<TrendingTags /> should render correctly 1`] = `
<div>
  <div
    class="row"
  >
    <div
      class="col s12"
    >
      <ul
        class="tabs"
      >
        <li
          class="tab col s2"
        >
          <a
            href="#!"
          >
            Life
          </a>
        </li>
        <li
          class="tab col s2"
        >
          <a
            class="active"
            href="#!"
          >
            Politics
          </a>
        </li>
        <li
          class="tab col s2"
        >
          <a
            href="#!"
          >
            Tech
          </a>
        </li>
        <li
          class="tab col s2"
        >
          <a
            href="#!"
          >
            Fashion
          </a>
        </li>
        <li
          class="tab col s2"
        >
          <a
            href="#!"
          >
            Music
          </a>
        </li>
        <li
          class="tab col s2"
        >
          <a
            href="#!"
          >
            Business
          </a>
        </li>
      </ul>
    </div>
  </div>
</div>
`;
